// Jest Snapshot v1, https://goo.gl/fbAQLP

exports[`the bucket names and IDs in phase 1 should not change: PBMMAccel-LogArchive-Phase1 1`] = `Array []`;

exports[`the bucket names and IDs in phase 1 should not change: PBMMAccel-Master-Phase1 1`] = `
Array [
  Object {
    "LogicalId": "cacentral1",
    "Properties": Object {
      "BucketName": undefined,
    },
  },
]
`;

exports[`the bucket names and IDs in phase 1 should not change: PBMMAccel-Operations-Phase1 1`] = `
Array [
  Object {
    "LogicalId": "cacentral1",
    "Properties": Object {
      "BucketName": undefined,
    },
  },
]
`;

exports[`the bucket names and IDs in phase 1 should not change: PBMMAccel-Security-Phase1 1`] = `
Array [
  Object {
    "LogicalId": "cacentral1",
    "Properties": Object {
      "BucketName": undefined,
    },
  },
]
`;

exports[`the bucket names and IDs in phase 1 should not change: PBMMAccel-SharedNetwork-Phase1 1`] = `
Array [
  Object {
    "LogicalId": "cacentral1",
    "Properties": Object {
      "BucketName": undefined,
    },
  },
]
`;
