// Jest Snapshot v1, https://goo.gl/fbAQLP

exports[`there should not be any unsupported resource changes for AWS::Budgets::Budget: FunAcctPhase1 1`] = `Array []`;

exports[`there should not be any unsupported resource changes for AWS::Budgets::Budget: LogArchivePhase1 1`] = `Array []`;

exports[`there should not be any unsupported resource changes for AWS::Budgets::Budget: MasterPhase1 1`] = `Array []`;

exports[`there should not be any unsupported resource changes for AWS::Budgets::Budget: Mydevacct1Phase1 1`] = `Array []`;

exports[`there should not be any unsupported resource changes for AWS::Budgets::Budget: OperationsPhase1 1`] = `Array []`;

exports[`there should not be any unsupported resource changes for AWS::Budgets::Budget: PerimeterPhase1 1`] = `Array []`;

exports[`there should not be any unsupported resource changes for AWS::Budgets::Budget: SecurityPhase1 1`] = `Array []`;

exports[`there should not be any unsupported resource changes for AWS::Budgets::Budget: SharedNetworkPhase1 1`] = `Array []`;

exports[`there should not be any unsupported resource changes for AWS::Budgets::Budget: SharedServicesPhase1 1`] = `Array []`;

exports[`there should not be any unsupported resource changes for AWS::DirectoryService::MicrosoftAD: FunAcctPhase1 1`] = `Array []`;

exports[`there should not be any unsupported resource changes for AWS::DirectoryService::MicrosoftAD: LogArchivePhase1 1`] = `Array []`;

exports[`there should not be any unsupported resource changes for AWS::DirectoryService::MicrosoftAD: MasterPhase1 1`] = `Array []`;

exports[`there should not be any unsupported resource changes for AWS::DirectoryService::MicrosoftAD: Mydevacct1Phase1 1`] = `Array []`;

exports[`there should not be any unsupported resource changes for AWS::DirectoryService::MicrosoftAD: OperationsPhase1 1`] = `Array []`;

exports[`there should not be any unsupported resource changes for AWS::DirectoryService::MicrosoftAD: PerimeterPhase1 1`] = `Array []`;

exports[`there should not be any unsupported resource changes for AWS::DirectoryService::MicrosoftAD: SecurityPhase1 1`] = `Array []`;

exports[`there should not be any unsupported resource changes for AWS::DirectoryService::MicrosoftAD: SharedNetworkPhase1 1`] = `Array []`;

exports[`there should not be any unsupported resource changes for AWS::DirectoryService::MicrosoftAD: SharedServicesPhase1 1`] = `Array []`;

exports[`there should not be any unsupported resource changes for AWS::EC2::Instance: FunAcctPhase1 1`] = `Array []`;

exports[`there should not be any unsupported resource changes for AWS::EC2::Instance: LogArchivePhase1 1`] = `Array []`;

exports[`there should not be any unsupported resource changes for AWS::EC2::Instance: MasterPhase1 1`] = `Array []`;

exports[`there should not be any unsupported resource changes for AWS::EC2::Instance: Mydevacct1Phase1 1`] = `Array []`;

exports[`there should not be any unsupported resource changes for AWS::EC2::Instance: OperationsPhase1 1`] = `Array []`;

exports[`there should not be any unsupported resource changes for AWS::EC2::Instance: PerimeterPhase1 1`] = `Array []`;

exports[`there should not be any unsupported resource changes for AWS::EC2::Instance: SecurityPhase1 1`] = `Array []`;

exports[`there should not be any unsupported resource changes for AWS::EC2::Instance: SharedNetworkPhase1 1`] = `Array []`;

exports[`there should not be any unsupported resource changes for AWS::EC2::Instance: SharedServicesPhase1 1`] = `Array []`;

exports[`there should not be any unsupported resource changes for AWS::EC2::TransitGateway: FunAcctPhase1 1`] = `Array []`;

exports[`there should not be any unsupported resource changes for AWS::EC2::TransitGateway: LogArchivePhase1 1`] = `Array []`;

exports[`there should not be any unsupported resource changes for AWS::EC2::TransitGateway: MasterPhase1 1`] = `Array []`;

exports[`there should not be any unsupported resource changes for AWS::EC2::TransitGateway: Mydevacct1Phase1 1`] = `Array []`;

exports[`there should not be any unsupported resource changes for AWS::EC2::TransitGateway: OperationsPhase1 1`] = `Array []`;

exports[`there should not be any unsupported resource changes for AWS::EC2::TransitGateway: PerimeterPhase1 1`] = `Array []`;

exports[`there should not be any unsupported resource changes for AWS::EC2::TransitGateway: SecurityPhase1 1`] = `Array []`;

exports[`there should not be any unsupported resource changes for AWS::EC2::TransitGateway: SharedNetworkPhase1 1`] = `Array []`;

exports[`there should not be any unsupported resource changes for AWS::EC2::TransitGateway: SharedServicesPhase1 1`] = `Array []`;

exports[`there should not be any unsupported resource changes for AWS::ElasticLoadBalancingV2::LoadBalancer: FunAcctPhase1 1`] = `Array []`;

exports[`there should not be any unsupported resource changes for AWS::ElasticLoadBalancingV2::LoadBalancer: LogArchivePhase1 1`] = `Array []`;

exports[`there should not be any unsupported resource changes for AWS::ElasticLoadBalancingV2::LoadBalancer: MasterPhase1 1`] = `Array []`;

exports[`there should not be any unsupported resource changes for AWS::ElasticLoadBalancingV2::LoadBalancer: Mydevacct1Phase1 1`] = `Array []`;

exports[`there should not be any unsupported resource changes for AWS::ElasticLoadBalancingV2::LoadBalancer: OperationsPhase1 1`] = `Array []`;

exports[`there should not be any unsupported resource changes for AWS::ElasticLoadBalancingV2::LoadBalancer: PerimeterPhase1 1`] = `Array []`;

exports[`there should not be any unsupported resource changes for AWS::ElasticLoadBalancingV2::LoadBalancer: SecurityPhase1 1`] = `Array []`;

exports[`there should not be any unsupported resource changes for AWS::ElasticLoadBalancingV2::LoadBalancer: SharedNetworkPhase1 1`] = `Array []`;

exports[`there should not be any unsupported resource changes for AWS::ElasticLoadBalancingV2::LoadBalancer: SharedServicesPhase1 1`] = `Array []`;

exports[`there should not be any unsupported resource changes for AWS::S3::Bucket: FunAcctPhase1 1`] = `Array []`;

exports[`there should not be any unsupported resource changes for AWS::S3::Bucket: LogArchivePhase1 1`] = `Array []`;

exports[`there should not be any unsupported resource changes for AWS::S3::Bucket: MasterPhase1 1`] = `Array []`;

exports[`there should not be any unsupported resource changes for AWS::S3::Bucket: Mydevacct1Phase1 1`] = `Array []`;

exports[`there should not be any unsupported resource changes for AWS::S3::Bucket: OperationsPhase1 1`] = `Array []`;

exports[`there should not be any unsupported resource changes for AWS::S3::Bucket: PerimeterPhase1 1`] = `Array []`;

exports[`there should not be any unsupported resource changes for AWS::S3::Bucket: SecurityPhase1 1`] = `Array []`;

exports[`there should not be any unsupported resource changes for AWS::S3::Bucket: SharedNetworkPhase1 1`] = `Array []`;

exports[`there should not be any unsupported resource changes for AWS::S3::Bucket: SharedServicesPhase1 1`] = `Array []`;

exports[`there should not be any unsupported resource changes for AWS::SecretsManager::ResourcePolicy: FunAcctPhase1 1`] = `Array []`;

exports[`there should not be any unsupported resource changes for AWS::SecretsManager::ResourcePolicy: LogArchivePhase1 1`] = `Array []`;

exports[`there should not be any unsupported resource changes for AWS::SecretsManager::ResourcePolicy: MasterPhase1 1`] = `Array []`;

exports[`there should not be any unsupported resource changes for AWS::SecretsManager::ResourcePolicy: Mydevacct1Phase1 1`] = `Array []`;

exports[`there should not be any unsupported resource changes for AWS::SecretsManager::ResourcePolicy: OperationsPhase1 1`] = `Array []`;

exports[`there should not be any unsupported resource changes for AWS::SecretsManager::ResourcePolicy: PerimeterPhase1 1`] = `Array []`;

exports[`there should not be any unsupported resource changes for AWS::SecretsManager::ResourcePolicy: SecurityPhase1 1`] = `Array []`;

exports[`there should not be any unsupported resource changes for AWS::SecretsManager::ResourcePolicy: SharedNetworkPhase1 1`] = `Array []`;

exports[`there should not be any unsupported resource changes for AWS::SecretsManager::ResourcePolicy: SharedServicesPhase1 1`] = `Array []`;

exports[`there should not be any unsupported resource changes for AWS::SecretsManager::Secret: FunAcctPhase1 1`] = `Array []`;

exports[`there should not be any unsupported resource changes for AWS::SecretsManager::Secret: LogArchivePhase1 1`] = `Array []`;

exports[`there should not be any unsupported resource changes for AWS::SecretsManager::Secret: MasterPhase1 1`] = `Array []`;

exports[`there should not be any unsupported resource changes for AWS::SecretsManager::Secret: Mydevacct1Phase1 1`] = `Array []`;

exports[`there should not be any unsupported resource changes for AWS::SecretsManager::Secret: OperationsPhase1 1`] = `Array []`;

exports[`there should not be any unsupported resource changes for AWS::SecretsManager::Secret: PerimeterPhase1 1`] = `Array []`;

exports[`there should not be any unsupported resource changes for AWS::SecretsManager::Secret: SecurityPhase1 1`] = `Array []`;

exports[`there should not be any unsupported resource changes for AWS::SecretsManager::Secret: SharedNetworkPhase1 1`] = `Array []`;

exports[`there should not be any unsupported resource changes for AWS::SecretsManager::Secret: SharedServicesPhase1 1`] = `Array []`;
